loader-sync:[{"config":{"k":1},"id":"e1","isolate":{"svc":true},"name":"a"},{"config":{"k":2},"id":"e2","intercept":{"svc":{"tag":"x"}},"name":"a"}]
plugin:a
status:a:Pending:Loading
plugin:a
status:a:Pending:Loading
apply:a
log:apply-a
apply:a
log:apply-a
status:a:Loading:Active
status:a:Loading:Active
loader-update:e2:{"config":{"k":3},"id":"e2","intercept":{},"isolate":{"svc":"global-a"},"name":"a"}
status:a:Active:Unloading
status:a:Unloading:Loading
apply:a
log:apply-a
status:a:Loading:Active
loader-update:e1:{"config":{"k":4},"id":"e1","intercept":{"svc":{"tag":"y"}},"name":"a"}
status:a:Active:Unloading
status:a:Unloading:Loading
apply:a
log:apply-a
status:a:Loading:Active
