loader-create:{"id":"consumer","name":"consumer"}
plugin:consumer
loader-create:{"id":"provider","name":"provider"}
plugin:provider
status:provider:Pending:Loading
apply:provider
provide:svc:"v1"
status:provider:Loading:Active
status:consumer:Pending:Loading
apply:consumer
log:consumer-applied
status:consumer:Loading:Active
loader-remove:provider
status:provider:Active:Unloading
status:consumer:Active:Unloading
status:consumer:Unloading:Pending
status:provider:Unloading:Disposed
loader-create:{"id":"provider","name":"provider"}
plugin:provider
status:provider:Pending:Loading
apply:provider
provide:svc:"v1"
status:provider:Loading:Active
status:consumer:Pending:Loading
apply:consumer
log:consumer-applied
status:consumer:Loading:Active
