loader-sync:[{"config":[{"config":{"k":1},"id":"c1","name":"a"},{"config":{"k":2},"id":"c2","name":"a"}],"group":true,"id":"g1","name":"group"}]
plugin:Group
status:Group:Pending:Loading
plugin:a
status:a:Pending:Loading
plugin:a
status:a:Pending:Loading
apply:a
log:apply-a
apply:a
log:apply-a
status:a:Loading:Active
status:a:Loading:Active
status:Group:Loading:Active
loader-sync:[{"config":[{"config":{"k":3},"id":"c1","name":"a"},{"config":{"k":4},"id":"c3","name":"a"}],"group":true,"id":"g1","name":"group"}]
status:a:Active:Unloading
status:a:Unloading:Loading
apply:a
log:apply-a
status:a:Loading:Active
plugin:a
status:a:Pending:Loading
apply:a
log:apply-a
status:a:Loading:Active
status:a:Active:Unloading
status:a:Unloading:Disposed
loader-remove:g1
status:Group:Active:Unloading
status:a:Active:Unloading
status:a:Active:Unloading
status:a:Unloading:Disposed
status:a:Unloading:Disposed
status:Group:Unloading:Disposed
