loader-sync:[{"config":[{"id":"p","name":"p"},{"config":[{"id":"c","name":"c"}],"group":true,"id":"gInner","name":"group"},{"config":[{"id":"b","name":"b"}],"group":true,"id":"gIso","isolate":{"svc":true},"name":"group"}],"group":true,"id":"g1","name":"group"}]
plugin:Group
status:Group:Pending:Loading
plugin:p
status:p:Pending:Loading
plugin:Group
status:Group:Pending:Loading
plugin:Group
status:Group:Pending:Loading
apply:p
provide:svc:"r"
status:p:Loading:Active
plugin:c
status:c:Pending:Loading
plugin:b
apply:c
log:c-applied
status:c:Loading:Active
status:Group:Loading:Active
status:Group:Loading:Active
status:Group:Loading:Active
