loader-sync:[{"config":{"k":1},"id":"e1","name":"a"},{"config":{"k":2},"id":"e2","name":"a"}]
plugin:a
status:a:Pending:Loading
plugin:a
status:a:Pending:Loading
apply:a
log:apply-a
apply:a
log:apply-a
status:a:Loading:Active
status:a:Loading:Active
loader-update:e1:{"config":{"k":3},"id":"e1","name":"a"}
status:a:Active:Unloading
status:a:Unloading:Loading
apply:a
log:apply-a
status:a:Loading:Active
loader-remove:e2
status:a:Active:Unloading
status:a:Unloading:Disposed
