plugin:prov
status:prov:Pending:Loading
apply:prov
provide:srv:{}
status:prov:Loading:Active
plugin:parent
status:parent:Pending:Loading
apply:parent
intercept:srv:{"a":1,"p":1}
plugin:child
status:child:Pending:Loading
apply:child
resolve-config:srv:{"a":9,"b":2,"p":1}
status:parent:Loading:Active
status:child:Loading:Active
